[INFO] Scanning for projects...
[INFO] 
[INFO] ------------------< com.datashare:datashare-backend >-------------------
[INFO] Building  0.0.1-SNAPSHOT
[INFO]   from pom.xml
[INFO] --------------------------------[ jar ]---------------------------------
[INFO] 
[INFO] >>> spring-boot:4.0.6:run (default-cli) > test-compile @ datashare-backend >>>
[INFO] 
[INFO] --- resources:3.3.1:resources (default-resources) @ datashare-backend ---
[INFO] Copying 1 resource from src\main\resources to target\classes
[INFO] Copying 0 resource from src\main\resources to target\classes
[INFO] 
[INFO] --- compiler:3.14.1:compile (default-compile) @ datashare-backend ---
[INFO] Nothing to compile - all classes are up to date.
[INFO] 
[INFO] --- resources:3.3.1:testResources (default-testResources) @ datashare-backend ---
[INFO] skip non existing resourceDirectory E:\OC3\p4\Code\backend\datashare-backend\src\test\resources
[INFO] 
[INFO] --- compiler:3.14.1:testCompile (default-testCompile) @ datashare-backend ---
[INFO] Nothing to compile - all classes are up to date.
[INFO] 
[INFO] <<< spring-boot:4.0.6:run (default-cli) < test-compile @ datashare-backend <<<
[INFO] 
[INFO] 
[INFO] --- spring-boot:4.0.6:run (default-cli) @ datashare-backend ---
[INFO] Attaching agents: []

  .   ____          _            __ _ _
 /\\ / ___'_ __ _ _(_)_ __  __ _ \ \ \ \
( ( )\___ | '_ | '_| | '_ \/ _` | \ \ \ \
 \\/  ___)| |_)| | | | | || (_| |  ) ) ) )
  '  |____| .__|_| |_|_| |_\__, | / / / /
 =========|_|==============|___/=/_/_/_/

 :: Spring Boot ::                (v4.0.6)

2026-06-21T15:34:12.772+02:00  INFO 1562560 --- [datashare-backend] [           main] c.datashare.DatashareBackendApplication  : Starting DatashareBackendApplication using Java 21.0.9 with PID 1562560 (E:\OC3\p4\Code\backend\datashare-backend\target\classes started by lad in E:\OC3\p4\Code\backend\datashare-backend)
2026-06-21T15:34:12.775+02:00  INFO 1562560 --- [datashare-backend] [           main] c.datashare.DatashareBackendApplication  : No active profile set, falling back to 1 default profile: "default"
2026-06-21T15:34:14.365+02:00  INFO 1562560 --- [datashare-backend] [           main] .s.d.r.c.RepositoryConfigurationDelegate : Bootstrapping Spring Data JPA repositories in DEFAULT mode.
2026-06-21T15:34:14.412+02:00  INFO 1562560 --- [datashare-backend] [           main] .s.d.r.c.RepositoryConfigurationDelegate : Finished Spring Data repository scanning in 39 ms. Found 2 JPA repository interfaces.
2026-06-21T15:34:14.882+02:00  INFO 1562560 --- [datashare-backend] [           main] o.s.boot.tomcat.TomcatWebServer          : Tomcat initialized with port 8080 (http)
2026-06-21T15:34:14.894+02:00  INFO 1562560 --- [datashare-backend] [           main] o.apache.catalina.core.StandardService   : Starting service [Tomcat]
2026-06-21T15:34:14.894+02:00  INFO 1562560 --- [datashare-backend] [           main] o.apache.catalina.core.StandardEngine    : Starting Servlet engine: [Apache Tomcat/11.0.21]
2026-06-21T15:34:14.984+02:00  INFO 1562560 --- [datashare-backend] [           main] b.w.c.s.WebApplicationContextInitializer : Root WebApplicationContext: initialization completed in 2167 ms
2026-06-21T15:34:15.374+02:00  INFO 1562560 --- [datashare-backend] [           main] org.hibernate.orm.jpa                    : HHH008540: Processing PersistenceUnitInfo [name: default]
2026-06-21T15:34:15.522+02:00  INFO 1562560 --- [datashare-backend] [           main] org.hibernate.orm.core                   : HHH000001: Hibernate ORM core version 7.2.12.Final
2026-06-21T15:34:16.312+02:00  INFO 1562560 --- [datashare-backend] [           main] o.s.o.j.p.SpringPersistenceUnitInfo      : No LoadTimeWeaver setup: ignoring JPA class transformer
2026-06-21T15:34:16.349+02:00  INFO 1562560 --- [datashare-backend] [           main] com.zaxxer.hikari.HikariDataSource       : HikariPool-1 - Starting...
2026-06-21T15:34:17.596+02:00  INFO 1562560 --- [datashare-backend] [           main] com.zaxxer.hikari.pool.HikariPool        : HikariPool-1 - Added connection org.postgresql.jdbc.PgConnection@9d2af36
2026-06-21T15:34:17.597+02:00  INFO 1562560 --- [datashare-backend] [           main] com.zaxxer.hikari.HikariDataSource       : HikariPool-1 - Start completed.
2026-06-21T15:34:17.646+02:00  WARN 1562560 --- [datashare-backend] [           main] org.hibernate.orm.deprecation            : HHH90000025: PostgreSQLDialect does not need to be specified explicitly using 'hibernate.dialect' (remove the property setting and it will be selected by default)
2026-06-21T15:34:17.671+02:00  INFO 1562560 --- [datashare-backend] [           main] org.hibernate.orm.connections.pooling    : HHH10001005: Database info:
	Database JDBC URL [jdbc:postgresql://localhost:5432/datashare]
	Database driver: PostgreSQL JDBC Driver
	Database dialect: PostgreSQLDialect
	Database version: 18.4
	Default catalog/schema: datashare/public
	Autocommit mode: undefined/unknown
	Isolation level: READ_COMMITTED [default READ_COMMITTED]
	JDBC fetch size: none
	Pool: DataSourceConnectionProvider
	Minimum pool size: undefined/unknown
	Maximum pool size: undefined/unknown
2026-06-21T15:34:19.880+02:00  INFO 1562560 --- [datashare-backend] [           main] org.hibernate.orm.core                   : HHH000489: No JTA platform available (set 'hibernate.transaction.jta.platform' to enable JTA platform integration)
Hibernate: create table file_tags (file_id uuid not null, tag varchar(30))
Hibernate: alter table if exists file_tags add constraint FKpcx9ympa3mac58nd4mmjf811h foreign key (file_id) references files
2026-06-21T15:34:20.117+02:00  INFO 1562560 --- [datashare-backend] [           main] j.LocalContainerEntityManagerFactoryBean : Initialized JPA EntityManagerFactory for persistence unit 'default'
2026-06-21T15:34:20.179+02:00  INFO 1562560 --- [datashare-backend] [           main] o.s.d.j.r.query.QueryEnhancerFactories   : Hibernate is in classpath; If applicable, HQL parser will be used.
2026-06-21T15:34:22.756+02:00  WARN 1562560 --- [datashare-backend] [           main] JpaBaseConfiguration$JpaWebConfiguration : spring.jpa.open-in-view is enabled by default. Therefore, database queries may be performed during view rendering. Explicitly configure spring.jpa.open-in-view to disable this warning
2026-06-21T15:34:22.790+02:00  WARN 1562560 --- [datashare-backend] [           main] .s.a.UserDetailsServiceAutoConfiguration : 

Using generated security password: 804fa320-5c03-470f-9c75-c7833cf3b1a9

This generated password is for development use only. Your security configuration must be updated before running your application in production.

2026-06-21T15:34:22.798+02:00  INFO 1562560 --- [datashare-backend] [           main] r$InitializeUserDetailsManagerConfigurer : Global AuthenticationManager configured with UserDetailsService bean with name inMemoryUserDetailsManager
2026-06-21T15:34:23.250+02:00  INFO 1562560 --- [datashare-backend] [           main] o.s.b.a.e.web.EndpointLinksResolver      : Exposing 1 endpoint beneath base path '/actuator'
2026-06-21T15:34:23.315+02:00  INFO 1562560 --- [datashare-backend] [           main] o.s.boot.tomcat.TomcatWebServer          : Tomcat started on port 8080 (http) with context path '/'
2026-06-21T15:34:23.322+02:00  INFO 1562560 --- [datashare-backend] [           main] c.datashare.DatashareBackendApplication  : Started DatashareBackendApplication in 10.938 seconds (process running for 11.322)
